[   00.000000] Initializing cgroup subsys cpuset
[    0.000000] Initializing cgroup subsys cpu
[    0.000000] Initializing cgroup subsys cpuacct
[    0.000000] Linux version 4.4.0-154-generic (buildd@lgw01-amd64-049) (gcc version 5.4.0 20160609 (Ubuntu 5.4.0-6ubuntu1~16.04.10) ) #181-Ubuntu SMP Tue Jun 25 05:29:03 UTC 2019 (Ubuntu 4.4.0-154.181-generic 4.4.179)
[    0.000000] Command line: BOOT_IMAGE=/boot/vmlinuz-4.4.0-154-generic root=LABEL=cloudimg-rootfs ro console=tty1 console=ttyS0
[    0.000000] KERNEL supported cpus:
[    0.000000]   Intel GenuineIntel
[    0.000000]   AMD AuthenticAMD
[    0.000000]   Centaur CentaurHauls
[    0.000000] x86/fpu: Legacy x87 FPU detected.
[    0.000000] e820: BIOS-provided physical RAM map:
[    0.000000] BIOS-e820: [mem 0x0000000000000000-0x000000000009fbff] usable
[    0.000000] BIOS-e820: [mem 0x000000000009fc00-0x000000000009ffff] reserved
[    0.000000] BIOS-e820: [mem 0x00000000000f0000-0x00000000000fffff] reserved
[    0.000000] BIOS-e820: [mem 0x0000000000100000-0x000000002cfeffff] usable
[    0.000000] BIOS-e820: [mem 0x000000002cff0000-0x000000002cffffff] ACPI data
[    0.000000] BIOS-e820: [mem 0x00000000fec00000-0x00000000fec00fff] reserved
[    0.000000] BIOS-e820: [mem 0x00000000fee00000-0x00000000fee00fff] reserved
[    0.000000] BIOS-e820: [mem 0x00000000fffc0000-0x00000000ffffffff] reserved
[    0.000000] NX (Execute Disable) protection: active
[    0.000000] SMBIOS 2.5 present.
[    0.000000] Hypervisor detected: KVM
[    0.000000] e820: last_pfn = 0x2cff0 max_arch_pfn = 0x400000000
[    0.000000] MTRR: Disabled
[    0.000000] x86/PAT: MTRRs disabled, skipping PAT initialization too.
[    0.000000] CPU MTRRs all blank - virtualized system.
[    0.000000] x86/PAT: Configuration [0-7]: WB  WT  UC- UC  WB  WT  UC- UC  
[    0.000000] found SMP MP-table at [mem 0x0009fff0-0x0009ffff] mapped at [ffff88000009fff0]
[    0.000000] Scanning 1 areas for low memory corruption
[    0.000000] RAMDISK: [mem 0x2b8be000-0x2c738fff]
[    0.000000] ACPI: Early table checksum verification disabled
[    0.000000] ACPI: RSDP 0x00000000000E0000 000024 (v02 VBOX  )
[    0.000000] ACPI: XSDT 0x000000002CFF0030 00003C (v01 VBOX   VBOXXSDT 00000001 ASL  00000061)
[    0.000000] ACPI: FACP 0x000000002CFF00F0 0000F4 (v04 VBOX   VBOXFACP 00000001 ASL  00000061)
[    0.000000] ACPI: DSDT 0x000000002CFF0470 0021FF (v02 VBOX   VBOXBIOS 00000002 INTL 20180105)
[    0.000000] ACPI: FACS 0x000000002CFF0200 000040
[    0.000000] ACPI: FACS 0x000000002CFF0200 000040
[    0.000000] ACPI: APIC 0x000000002CFF0240 000054 (v02 VBOX   VBOXAPIC 00000001 ASL  00000061)
[    0.000000] ACPI: SSDT 0x000000002CFF02A0 0001CC (v01 VBOX   VBOXCPUT 00000002 INTL 20180105)
[    0.000000] No NUMA configuration found
[    0.000000] Faking a node at [mem 0x0000000000000000-0x000000002cfeffff]
[    0.000000] NODE_DATA(0) allocated [mem 0x2cfeb000-0x2cfeffff]
[    0.000000] kvm-clock: Using msrs 4b564d01 and 4b564d00
[    0.000000] kvm-clock: cpu 0, msr 0:2cfe3001, primary cpu clock
[    0.000000] kvm-clock: using sched offset of 7469342057 cycles
[    0.000000] clocksource: kvm-clock: mask: 0xffffffffffffffff max_cycles: 0x1cd42e4dffb, max_idle_ns: 881590591483 ns
[    0.000000] Zone ranges:
[    0.000000]   DMA      [mem 0x0000000000001000-0x0000000000ffffff]
[    0.000000]   DMA32    [mem 0x0000000001000000-0x000000002cfeffff]
[    0.000000]   Normal   empty
[    0.000000]   Device   empty
[    0.000000] Movable zone start for each node
[    0.000000] Early memory node ranges
[    0.000000]   node   0: [mem 0x0000000000001000-0x000000000009efff]
[    0.000000]   node   0: [mem 0x0000000000100000-0x000000002cfeffff]
[    0.000000] Initmem setup node 0 [mem 0x0000000000001000-0x000000002cfeffff]
[    0.000000] ACPI: PM-Timer IO Port: 0x4008
[    0.000000] IOAPIC[0]: apic_id 1, version 32, address 0xfec00000, GSI 0-23
[    0.000000] ACPI: INT_SRC_OVR (bus 0 bus_irq 0 global_irq 2 dfl dfl)
[    0.000000] ACPI: INT_SRC_OVR (bus 0 bus_irq 9 global_irq 9 low level)
[    0.000000] Using ACPI (MADT) for SMP configuration information
[    0.000000] smpboot: Allowing 1 CPUs, 0 hotplug CPUs
[    0.000000] PM: Registered nosave memory: [mem 0x00000000-0x00000fff]
[    0.000000] PM: Registered nosave memory: [mem 0x0009f000-0x0009ffff]
[    0.000000] PM: Registered nosave memory: [mem 0x000a0000-0x000effff]
[    0.000000] PM: Registered nosave memory: [mem 0x000f0000-0x000fffff]
[    0.000000] e820: [mem 0x2d000000-0xfebfffff] available for PCI devices
[    0.000000] Booting paravirtualized kernel on KVM
[    0.000000] clocksource: refined-jiffies: mask: 0xffffffff max_cycles: 0xffffffff, max_idle_ns: 7645519600211568 ns
[    0.000000] setup_percpu: NR_CPUS:512 nr_cpumask_bits:512 nr_cpu_ids:1 nr_node_ids:1
[    0.000000] PERCPU: Embedded 34 pagss/cpu @ffff88002cc00000 s99480 r8192 d31592 u2097152
[    0.000000] Built 1 zonelists in Node order, mobility grouping on.  Total pages: 181304
[    0.000000] Policy zone: DMA32
[    0.000000] Kernel command line: BOOT_IMAGE=/boot/vmlinuz-4.4.0-154-generic root=LABEL=cloudimg-rootfs ro console=tty1 console=ttyS0
[    0.000000] PID hash table entries: 4096 (order: 3, 32768 bytes)
[    0.000000] Memory: 690668K/736824K available (8613K kernel code, 1335K rwdata, 4028K rodata, 1484K init, 1284K bss, 46156K reserved, 0K cma-reserved)
[    0.000000] SLUB: HWalign=64, Order=0-3, MinObjects=0, CPUs=1, Nodes=1
[    0.000000] Kernel/User page tables isolation: enabled
[    0.000000] Hierarchical RCU implementation.
[   00.000000] 	Build-time adjustment of leaf fanout to 64.
[    0.000000] 	RCU restricting CPUs from NR_CPUS=512 to nr_cpu_ids=1.
[    0.000000] RCU: Adjusting geometry for rcu_fanout_leaf=64, nr_cpu_ids=1
[    0.000000] NR_IRQS:33024 nr_irqs:256 16
[    0.000000] Console: colour VGA+ 80x25
[    0.000000] console [tty1] enabled
[    0.000000] console [ttyS0] enabled
[    0.000000] tsc: Detected 2992.498 MHz processor
[    0.622187] Calibrating delay loop (skipped) preset value.. 5984.99 BogoMIPS (lpj=11969992)
[    0.625211] pid_max: default: 32768 minimum: 301
[    0.626782] ACPI: Core revision 20150930
[    0.629518] ACPI: 2 ACPI AML tables successfully acquired and loaded
[    0.631749] Security Framework initialized
[    0.683985] Yama: becoming mindful.
[    0.685371] AppArmor: AppArmor initialized
[    0.686990] Dentry cache hash table entries: 131072 (order: 8, 1048576 bytes)
[    0.689508] Inode-cache hash table entries: 65536 (order: 7, 524288 bytes)
[    0.691800] Mount-cache hash table entries: 2048 (order: 2, 16384 bytes)
[    0.693851] Mountpoint-cache hash table entries: 2048 (order: 2, 16384 bytes)
[    0.696432] Initializing cgroup subsys io
[    0.697880] Initializing cgroup subsys memory
[    0.699433] Initializing cgroup subsys devices
[    0.700970] Initializing cgroup subsys freezer
[    0.702539] Initializing cgroup subsys net_cls
[    0.704070] Initializing cgroup subsys perf_event
[    0.705690] Initializing cgroup subsys net_prio
[    0.707235] Initializing cgroup subsys hugetlb
[    0.708785] Initializing cgroup subsys pids
[    0.710358] mce: CPU supports 0 MCE banks
[    0.711882] process: using mwait in idle threads
[    0.713465] Last level iTLB entries: 4KB 128, 2MB 4, 4MB 4
[    0.715255] Last level dTLB entries: 4KB 256, 2MB 0, 4MB 32, 1GB 0
[    0.717173] Spectre V2 : Mitigation: Full generic retpoline
[    0.718994] Spectre V2 : Spectre v2 / SpectreRSB mitigation: Filling RSB on context switch
[    0.721852] Speculative Store Bypass: Vulnerable
[    0.724293] MDS: Vulnerable: Clear CPU buffers attempted, no microcode
[    1.363682] Freeing SMP alternatives memory: 36K
[    1.418870] ftrace: allocating 32299 entries in 127 pages
[    1.533102] smpboot: APIC(0) Converting physical 0 to logical package 0
[    1.555393] smpboot: Max logical packages: 1
[    1.557516] x2apic enabled
[    1.559183] Switched APIC routing to physical x2apic.
[    1.563218] ..TIMER: vector=0x30 apic1=0 pin1=2 apic2=-1 pin2=-1
[    1.643877] APIC calibration not consistent with PM-Timer: 196ms instead of 100ms
[    1.655327] APIC delta adjusted to PM-Timer: 6249976 (12250655)
[    1.657276] smpboot: CPU0: Intel(R) Core(TM)2 Duo CPU     E8400  @ 3.00GHz (family: 0x6, model: 0x17, stepping: 0xa)
[    1.660940] Performance Events: unsupported p6 CPU model 23 no PMU driver, software events only.
[    1.855857] KVM setup paravirtual spinlock
[    1.866290] x86: Booted up 1 node, 1 CPUs
[    1.867740] smpboot: Total of 1 processors activated (5984.99 BogoMIPS)
[    1.870280] devtmpfs: initialized
[    1.874293] evm: security.selinux
[    1.875578] evm: security.SMACK64
[    1.876853] evm: security.SMACK64EXEC
[    1.878221] evm: security.SMACK64TRANSMUTE
[    1.879669] evm: security.SMACK64MMAP
[    1.881030] evm: security.ima
[    1.882232] evm: security.capability
[    1.883732] clocksource: jiffies: mask: 0xffffffff max_cycles: 0xffffffff, max_idle_ns: 7645041785100000 ns
[    1.942757] futex hash table entries: 256 (order: 2, 16384 bytes)
[    1.944790] pinctrl core: initialized pinctrl subsystem
[    1.946697] RTC time: 16:28:42, date: 08/23/19
[    1.948505] NET: Registered protocol family 16
[    1.950296] cpuidle: using governor ladder
[    1.951753] cpuidle: using governor menu
[    1.953179] PCCT header not found.
[    1.964515] ACPI: bus type PCI registered
[    1.965948] acpiphp: ACPI Hot Plug PCI Controller Driver version: 0.5
[    1.968078] PCI: Using configuration type 1 for base access
[    1.971425] ACPI: Added _OSI(Module Device)
[    1.972913] ACPI: Added _OSI(Processor Device)
[    1.974443] ACPI: Added _OSI(3.0 _SCP Extensions)
[    1.976042] ACPI: Added _OSI(Processor Aggregator Device)
[    1.978533] ACPI: Executed 1 blocks of module-level executable AML code
[    1.983077] ACPI: Interpreter enabled
[    2.064422] ACPI: (supports S0 S5)
[    2.065720] ACPI: Using IOAPIC for interrupt routing
[    2.067604] PCI: Using host bridge windows from ACPI; if necessary, use "pci=nocrs" and report a bug
[    2.152857] ACPI: PCI Root Bridge [PCI0] (domain 0000 [bus 00-ff])
[    2.157220] acpi PNP0A03:00: _OSC: OS supports [ASPM ClockPM Segments MSI]
[    2.159341] acpi PNP0A03:00: _OSC: not requesting OS control; OS requires [ExtendedConfig ASPM ClockPM MSI]
[    2.162532] acpi PNP0A03:00: fail to add MMCONFIG information, can't access extended PCI configuration space under this bridge.
[    2.176581] PCI host bridge to bus 0000:00
[    2.178045] pci_bus 0000:00: root bus resource [io  0x0000-0x0cf7 window]
[    2.180111] pci_bus 0000:00: root bus resource [io  0x0d00-0xffff window]
[    2.182181] pci_bus 0000:00: root bus resource [mem 0x000a0000-0x000bffff window]
[    2.184887] pci_bus 0000:00: root bus resource [mem 0x2d000000-0xfdffffff window]
[    2.196090] pci_bus 0000:00: root bus resource [bus 00-ff]
[    2.253563] pci 0000:00:01.1: legacy IDE quirk: reg 0x10: [io  0x01f0-0x01f7]
[    2.256642] pci 0000:00:01.1: legacy IDE quirk: reg 0x14: [io  0x03f6]
[    2.258738] pci 0000:00:01.1: legacy IDE quirk: reg 0x18: [io  0x0170-0x0177]
[    2.260886] pci 0000:00:01.1: legacy IDE quirk: reg 0x1c: [io  0x0376]
[    2.283913] pci 0000:00:07.0: quirk: [io  0x4000-0x403f] claimed by PIIX4 ACPI
[    2.350560] pci 0000:00:07.0: quirk: [io  0x4100-0x410f] claimed by PIIX4 SMB
[    2.359712] ACPI: PCI Interrupt Link [LNKA] (IRQs 5 9 10 *11)
[    2.362490] ACPI: PCI Interrupt Link [LNKB] (IRQs 5 9 *10 11)
[    2.365002] ACPI: PCI Interrupt Link [LNKC] (IRQs 5 *9 10 11)
[    2.392643] ACPI: PCI Interrupt Link [LNKD] (IRQs 5 9 10 *11)
[    2.396114] ACPI: Enabled 2 GPEs in block 00 to 07
[    2.399430] vgaarb: setting as boot device: PCI:0000:00:02.0
[    2.402022] vgaarb: device added: PCI:0000:00:02.0,decodes=io+mem,owns=io+mem,locks=none
[    2.451732] vgaarb: loaded
[    2.474530] vgaarb: bridge control possible 0000:00:02.0
[    2.476916] SCSI subsystem initialized
[    2.478762] ACPI: bus type USB registered
[    2.480283] usbcore: registered new interface driver usbfs
[    2.482075] usbcore: registered new interface driver hub
[    2.494353] usbcore: registered new device driver usb
[    2.496330] PCI: Using ACPI for IRQ routing
[    2.498541] NetLabel: Initializing
[    2.499868] NetLabel:  domain hash size = 128
[    2.557226] NetLabel:  protocols = UNLABELED CIPSOv4
[    2.558955] NetLabel:  unlabeled traffic allowed by default
[    2.561084] amd_nb: Cannot enumerate AMD northbridges
[    2.562896] clocksource: Switched to clocksource kvm-clock
[    2.586888] AppArmor: AppArmor Filesystem Enabled
[    2.595307] pnp: PnP ACPI init
[    2.598575] pnp: PnP ACPI: found 3 devices
[    2.658673] clocksource: acpi_pm: mask: 0xffffff max_cycles: 0xffffff, max_idle_ns: 2085701024 ns
[    2.661956] NET: Registered protocol family 2
[    2.664052] TCP established hash table entries: 8192 (order: 4, 65536 bytes)
[    2.666378] TCP bind hash table entries: 8192 (order: 5, 131072 bytes)
[    2.668563] TCP: Hash tables configured (established 8192 bind 8192)
[    2.670729] UDP hash table entries: 512 (order: 2, 16384 bytes)
[    2.672759] UDP-Lite hash table entries: 512 (order: 2, 16384 bytes)
[    2.674943] NET: Registered protocol family 1
[    2.676609] pci 0000:00:00.0: Limiting direct PCI/PCI transfers
[    2.678590] pci 0000:00:01.0: Activating ISA DMA hang workarounds
[    2.680907] Unpacking initramfs...
[    3.177243] Freeing initrd memory: 14828K
[    3.195064] clocksource: tsc: mask: 0xffffffffffffffff max_cycles: 0x2b2296bc2b9, max_idle_ns: 440795321505 ns
[    3.198419] platform rtc_cmos: registered platform RTC device (no PNP device found)
[    3.201258] Scanning for low memory corruption every 60 seconds
[    3.280944] audit: initializing netlink subsys (disabled)
[    3.282728] audit: type=2000 audit(1566577730.891:1): initialized
[    3.285040] Initialise system trusted keyring
[    3.286706] HugeTLB registered 2 MB page size, pre-allocated 0 pages
[    3.296158] zbud: loaded
[    3.297635] VFS: Disk quotas dquot_6.6.0
[    3.299100] VFS: Dquot-cache hash table entries: 512 (order 0, 4096 bytes)
[    3.301530] squashfs: version 4.0 (2009/01/31) Phillip Lougher
[    3.304402] fuse init (API version 7.23)
[    3.306002] Key type big_key registered
[    3.307418] Allocating IMA MOK and blacklist keyrings.
[    3.309624] Key type asymmetric registered
[    3.311096] Asymmetric key parser 'x509' registered
[    3.312818] Block layer SCSI generic (bsg) driver version 0.4 loaded (major 249)
[    3.315518] io scheduler noop registered
[    3.316996] io scheduler deadline registered (default)
[    3.318747] io scheduler cfq registered
[    3.320342] pci_hotplug: PCI Hot Plug PCI Core version: 0.5
[    3.322153] pciehp: PCI Express Hot Plug Controller Driver version: 0.4
[    3.324373] ACPI: AC Adapter [AC] (on-line)
[    3.325933] input: Power Button as /devices/LNXSYSTM:00/LNXPWRBN:00/input/input0
[    3.328629] ACPI: Power Button [PWRF]
[    3.380871] input: Sleep Button as /devices/LNXSYSTM:00/LNXSLPBN:00/input/input1
[    3.383558] ACPI: Sleep Button [SLPF]
[    3.385094] GHES: HEST is not enabled!
[    3.386590] Serial: 8250/16550 driver, 32 ports, IRQ sharing enabled
[    3.411898] 00:02: ttyS0 at I/O 0x3f8 (irq = 4, base_baud = 115200) is a 16550A
[    3.415878] Linux agpgart interface v0.103
[    3.418783] loop: module loaded
[    3.420831] scsi host0: ata_piix
[    3.422176] scsi host1: ata_piix
[    3.423512] ata1: PATA max UDMA/33 cmd 0x1f0 ctl 0x3f6 bmdma 0xd000 irq 14
[    3.425587] ata2: PATA max UDMA/33 cmd 0x170 ctl 0x376 bmdma 0xd008 irq 15
[    3.428374] libphy: Fixed MDIO Bus: probed
[    3.429840] tun: Universal TUN/TAP device driver, 1.6
[    3.504506] tun: (C) 1999-2004 Max Krasnyansky <maxk@qualcomm.com>
[    3.507664] PPP generic driver version 2.4.2
[    3.510117] ehci_hcd: USB 2.0 'Enhanced' Host Controller (EHCI) Driver
[    3.513346] ehci-pci: EHCI PCI platform driver
[    3.515823] ehci-platform: EHCI generic platform driver
[    3.518460] ohci_hcd: USB 1.1 'Open' Host Controller (OHCI) Driver
[    3.521693] ohci-pci: OHCI PCI platform driver
[    3.524097] ohci-platform: OHCI generic platform driver
[    3.526774] uhci_hcd: USB Universal Host Controller Interface driver
[    3.529950] i8042: PNP: PS/2 Controller [PNP0303:PS2K,PNP0f03:PS2M] at 0x60,0x64 irq 1,12
[    3.535842] serio: i8042 KBD port at 0x60,0x64 irq 1
[    3.539181] serio: i8042 AUX port at 0x60,0x64 irq 12
[    3.542418] mousedev: PS/2 mouse device common for all mice
[    3.546130] input: AT Translated Set 2 keyboard as /devices/platform/i8042/serio0/input/input2
[    3.587143] rtc_cmos rtc_cmos: rtc core: registered rtc_cmos as rtc0
[    3.589211] rtc_cmos rtc_cmos: alarms up to one day, 114 bytes nvram
[    3.591184] i2c /dev entries driver
[    3.592606] device-mapper: uevent: version 1.0.3
[    3.594261] device-mapper: ioctl: 4.34.0-ioctl (2015-10-28) initialised: dm-devel@redhat.com
[    3.605395] ledtrig-cpu: registered to indicate activity on CPUs
[    3.607666] NET: Registered protocol family 10
[    3.609619] NET: Registered protocol family 17
[    3.611173] Key type dns_resolver registered
[    3.612998] registered taskstats version 1
[    3.624691] Loading compiled-in X.509 certificates
[    3.627286] Loaded X.509 cert 'Build time autogenerated kernel key: 65139e04a67245b562a838c28b5e7032abdd4348'
[    3.630586] zswap: loaded using pool lzo/zbud
[    3.689757] Key type trusted registered
[    3.714425] Key type encrypted registered
[    3.715933] AppArmor: AppArmor sha1 policy hashing enabled
[    3.717752] ima: No TPM chip found, activating TPM-bypass!
[    3.719562] ima: Allocated hash algorithm: sha1
[    3.721153] evm: HMAC attrs: 0x1
[    3.722942]   Magic number: 15:364:490
[    3.734451] rtc_cmos rtc_cmos: setting system clock to 2019-08-23 16:28:44 UTC (1566577724)
[    3.737460] BIOS EDD facility v0.16 2004-Jun-25, 0 devices found
[    3.739345] EDD information not available.
[    3.796547] Freeing unused kernel memory: 1484K
[    3.806938] Write protecting the kernel read-only data: 14336k
[    3.821117] Freeing unused kernel memory: 1616K
[    3.822977] Freeing unused kernel memory: 68K
Loading, please wait...
starting version[    4.042423] random: systemd-udevd: uninitialized urandom read (16 bytes read, 3 bits of entropy available)
 229
[    4.136559] random: udevadm: uninitialized urandom read (16 bytes read, 3 bits of entropy available)
[    4.196461] random: udevadm: uninitialized urandom read (16 bytes read, 3 bits of entropy available)
[    4.213982] random: systemd-udevd: uninitialized urandom read (16 bytes read, 3 bits of entropy available)
[    4.223486] random: systemd-udevd: uninitialized urandom read (16 bytes read, 3 bits of entropy available)
[    4.226719] random: systemd-udevd: uninitialized urandom read (16 bytes read, 3 bits of entropy available)
[    4.301044] random: systemd-udevd: uninitialized urandom read (16 bytes read, 3 bits of entropy available)
[    4.313476] random: systemd-udevd: uninitialized urandom read (16 bytes read, 3 bits of entropy available)
[    4.316715] random: systemd-udevd: uninitialized urandom read (16 bytes read, 3 bits of entropy available)
[    4.321802] random: systemd-udevd: uninitialized urandom read (16 bytes read, 3 bits of entropy available)
[    5.139593] e1000: Intel(R) PRO/1000 Network Driver - version 7.3.21-k8-NAPI
[    5.165543] e1000: Copyright (c) 1999-2006 Intel Corporation.
[    5.448784] input: ImExPS/2 Generic Explorer Mouse as /devices/platform/i8042/serio1/input/input4
[    5.559145] Fusion MPT base driver 3.04.20
[    5.564810] Copyright (c) 1999-2008 LSI Corporation
[    5.577787] Fusion MPT SPI Host driver 3.04.20
[    6.544305] e1000 0000:00:03.0 eth0: (PCI:33MHz:32-bit) 02:1e:e5:6d:71:21
[    6.555557] e1000 0000:00:03.0 eth0: Intel(R) PRO/1000 Network Connection
[    6.588717] mptbase: ioc0: Initiating bringup
[    6.590558] e1000 0000:00:03.0 enp0s3: renamed from eth0
[    6.651388] ioc0: LSI53C1030 A0: Capabilities={Initiator}
[    6.812507] scsi host2: ioc0: LSI53C1030 A0, FwRev=00000000h, Ports=1, MaxQ=256, IRQ=20
[    6.924126] scsi 2:0:0:0: Direct-Access     VBOX     HARDDISK         1.0  PQ: 0 ANSI: 5
[    6.936164] scsi target2:0:0: Beginning Domain Validation
[    6.938872] scsi target2:0:0: Domain Validation skipping write tests
[    6.940844] scsi target2:0:0: Ending Domain Validation
[    6.942583] scsi target2:0:0: asynchronous
[    6.944544] scsi 2:0:1:0: Direct-Access     VBOX     HARDDISK         1.0  PQ: 0 ANSI: 5
[    6.955341] scsi target2:0:1: Beginning Domain Validation
[    6.958209] scsi target2:0:1: Domain Validation skipping write tests
[    6.960170] scsi target2:0:1: Ending Domain Validation
[    6.961914] scsi target2:0:1: asynchronous
[    6.969202] sd 2:0:0:0: Attached scsi generic sg0 type 0
[    6.971005] sd 2:0:0:0: [sda] 20971520 512-byte logical blocks: (10.7 GB/10.0 GiB)
[    7.006418] sd 2:0:1:0: Attached scsi generic sg1 type 0
[    7.008965] sd 2:0:1:0: [sdb] 20480 512-byte logical blocks: (10.5 MB/10.0 MiB)
[    7.012515] sd 2:0:1:0: [sdb] Write Protect is off
[    7.014169] sd 2:0:0:0: [sda] Write Protect is off
[    7.034479] sd 2:0:1:0: [sdb] Incomplete mode parameter data
[    7.108382] sd 2:0:1:0: [sdb] Assuming drive cache: write through
[    7.115423] sd 2:0:0:0: [sda] Incomplete mode parameter data
[    7.117242] sd 2:0:0:0: [sda] Assuming drive cache: write through
[    7.151118]  sda: sda1
[    7.154223] sd 2:0:1:0: [sdb] Attached SCSI disk
[    7.156247] sd 2:0:0:0: [sda] Attached SCSI disk
Begin: Loading essential drivers ... [   10.633613] md: linear personality registered for level -1
[   10.714448] md: multipath personality registered for level -4
[   10.739192] md: raid0 personality registered for level 0
[   10.766482] md: raid1 personality registered for level 1
[   11.024065] raid6: sse2x1   gen()  4081 MB/s
[   11.128989] raid6: sse2x1   xor()  3104 MB/s
[   11.232203] raid6: sse2x2   gen()  3661 MB/s
[   11.334058] raid6: sse2x2   xor()  3758 MB/s
[   11.438983] raid6: sse2x4   gen()  6770 MB/s
[   11.544069] raid6: sse2x4   xor()  5300 MB/s
[   11.545827] raid6: using algorithm sse2x4 gen() 6770 MB/s
[   11.565084] raid6: .... xor() 5300 MB/s, rmw enabled
[   11.566763] raid6: using ssse3x2 recovery algorithm
[   11.591269] xor: measuring software checksum speed
[   11.783399]    prefetch64-sse: 30095.000 MB/sec
[   11.959015]    generic_sse: 26714.000 MB/sec
[   11.964844] xor: using function: prefetch64-sse (30095.000 MB/sec)
[   11.980943] async_tx: api initialized (async)
[   12.164623] md: raid6 personality registered for level 6
[   12.175130] md: raid5 personality registered for level 5
[   12.176917] md: raid4 personality registered for level 4
[   12.333555] md: raid10 personality registered for level 10
done.
Begin: Running /scripts/init-premount ... done.
Begin: Mounting root file system ... Begin: Running /scripts/local-top ... done.
Begin: Running /scripts/local-premount ... [   12.703285] Btrfs loaded
Scanning for Btrfs filesystems
done.
Warning: fsck not present, so skipping root file system
[   13.140837] EXT4-fs (sda1): mounted filesystem with ordered data mode. Opts: (null)
done.
Begin: Running /scripts/local-bottom ... done.
Begin: Running /scripts/init-bottom ... done.
[   13.959521] random: nonblocking pool is initialized
[   14.228065] systemd[1]: systemd 229 running in system mode. (+PAM +AUDIT +SELINUX +IMA +APPARMOR +SMACK +SYSVINIT +UTMP +LIBCRYPTSETUP +GCRYPT +GNUTLS +ACL +XZ -LZ4 +SECCOMP +BLKID +ELFUTILS +KMOD -IDN)
[   14.239009] systemd[1]: Detected virtualization oracle.
[   14.240792] systemd[1]: Detected architecture x86-64.

Welcome to [1mUbuntu 16.04.6 LTS[0m!

[   14.290550] systemd[1]: Set hostname to <ubuntu>.
[   14.314815] systemd[1]: Initializing machine ID from random generator.
[   14.316980] systemd[1]: Installed transient /etc/machine-id file.
[   15.598728] systemd[1]: Started Trigger resolvconf update for networkd DNS.
[[0;32m  OK  [0m] Started Trigger resolvconf update for networkd DNS.
[   15.611963] systemd[1]: Listening on udev Control Socket.
[[0;32m  OK  [0m] Listening on udev Control Socket.
[   15.618944] systemd[1]: Listening on LVM2 metadata daemon socket.
[[0;32m  OK  [0m] Listening on LVM2 metadata daemon socket.
[   15.623135] systemd[1]: Listening on LVM2 poll daemon socket.
[[0;32m  OK  [0m] Listening on LVM2 poll daemon socket.
[   15.647075] systemd[1]: Listening on udev Kernel Socket.
[[0;32m  OK  [0m] Listening on udev Kernel Socket.
[   15.650939] systemd[1]: Reached target User and Group Name Lookups.
[[0;32m  OK  [0m] Reached target User and Group Name Lookups.
[   15.655499] systemd[1]: Listening on Journal Socket.
[[0;32m  OK  [0m] Listening on Journal Socket.
[   15.660608] systemd[1]: Created slice System Slice.
[[0;32m  OK  [0m] Created slice System Slice.
[   15.678323] systemd[1]: Mounting Huge Pages File System...
         Mounting Huge Pages File System...
[   15.690487] systemd[1]: Starting Set console keymap...
         Starting Set console keymap...
[   15.705338] systemd[1]: Starting Nameserver information manager...
         Starting Nameserver information manager...
[   15.722252] systemd[1]: Created slice system-serial\x2dgetty.slice.
[[0;32m  OK  [0m] Created slice system-serial\x2dgetty.slice.
[   15.899583] systemd[1]: Starting Load Kernel Modules...
         Starting Load Kernel Modules...
[   16.000273] systemd[1]: Starting Uncomplicated firewall...
         Starting Uncomplicated firewall...
[   16.033305] systemd[1]: Listening on Device-mapper event daemon FIFOs.
[[0;32m  OK  [0m] Listening on Device-mapper event daemon FIFOs.
[   16.201089] systemd[1]: Starting Monitoring of LVM2 mirrors, snapshots etc. using dmeventd or progress polling...
         Starting Monitoring of LVM2 mirrors... dmeventd or progress polling...
[   16.212704] systemd[1]: Set up automount Arbitrary Executable File Formats File System Automount Point.
[[0;32m  OK  [0m] Set up automount Arbitrary Executab...ats File System Automount Point.
[   16.231099] systemd[1]: Starting Create list of required static device nodes for the current kernel...
         [   16.311363] Loading iSCSI transport class v2.0-870.
Starting Create list of required st... nodes for the current kernel...
[   16.314449] systemd[1]: Reached target System Time Synchronized.
[[0;32m  OK  [0m] Reached target System Time Synchronized.
[   16.502617] systemd[1]: Started Forward Password Requests to Wall Directory Watch.
[[0;32m  OK  [0m] Started Forward Password Requests to Wall Directory Watch.
[   16.508799] systemd[1]: Listening on Journal Audit Socket.
[[0;32m  OK  [0m] Listening on Journal Audit Socket.
[   16.517161] systemd[1]: Mounting Debug File System...
         Mounting Debug File System...
[   16.524806] systemd[1]: Reached target Encrypted Volumes.
[[0;32m  OK  [0m] Reached target Encrypted Volumes.
[   16.529147] systemd[1]: Reached target Swap.
[   16.627852] iscsi: registered transport (tcp)
[[0;32m  OK  [0m] Reached target Swap.
[   16.710384] systemd[1]: Listening on /dev/initctl Compatibility Named Pipe.
[[0;32m  OK  [0m] Listening on /dev/initctl Compatibility Named Pipe.
[   16.742778] systemd[1]: Starting Remount Root and Kernel File Systems...
         Starting Remount Root and Kernel File Systems...
[   17.015577] systemd[1]: Listening on Syslog Socket.
[   17.039862] EXT4-fs (sda1): re-mounted. Opts: (null)
[[0;32m  OK  [0m] Listening on Syslog Socket.
[   17.119787] systemd[1]: Created slice User and Session Slice.
[[0;32m  OK  [0m] Created slice User and Session Slice.
[   17.133632] systemd[1]: Reached target Slices.
[[0;32m  OK  [0m] Reached target Slices.
[   17.166222] systemd[1]: Mounting POSIX Message Queue File System...
[   17.227443] iscsi: registered transport (iser)
         Mounting POSIX Message Queue File System...
[   17.350163] systemd[1]: Listening on Journal Socket (/dev/log).
[[0;32m  OK  [0m] Listening on Journal Socket (/dev/log).
[   17.370702] systemd[1]: Starting Journal Service...
         Starting Journal Service...
[   17.525989] systemd[1]: Mounted POSIX Message Queue File System.
[[0;32m  OK  [0m] Mounted POSIX Message Queue File System.
[   17.629839] systemd[1]: Mounted Huge Pages File System.
[[0;32m  OK  [0m] Mounted Huge Pages File System.
[   17.643539] systemd[1]: Mounted Debug File System.
[[0;32m  OK  [0m] Mounted Debug File System.
[   17.649722] systemd[1]: Started Set console keymap.
[[0;32m  OK  [0m] Started Set console keymap.
[   17.669543] systemd[1]: Started Load Kernel Modules.
[[0;32m  OK  [0m] Started Load Kernel Modules.
[   17.766765] systemd[1]: Started Uncomplicated firewall.
[[0;32m  OK  [0m] Started Uncomplicated firewall.
[   17.847087] systemd[1]: Started Create list of required static device nodes for the current kernel.
[[0;32m  OK  [0m] Started Create list of required sta...ce nodes for the current kernel.
[   17.855110] systemd[1]: Started Remount Root and Kernel File Systems.
[[0;32m  OK  [0m] Started Remount Root and Kernel File Systems.
[   17.862365] systemd[1]: Started Nameserver information manager.
[[0;32m  OK  [0m] Started Nameserver information manager.
[   17.955217] systemd[1]: Started Journal Service.
[[0;32m  OK  [0m] Started Journal Service.
[[0;32m  OK  [0m] Started LVM2 metadata daemon.
         Starting Flush Journal to Persistent Storage...
         Starting udev Coldplug all Devices...
         Starting Load/Save Random Seed...
         Starting Create Static Device Nodes in /dev...
         Starting Apply Kernel Variables...
         Mounting FUSE Control File System...
[[0;32m  OK  [0m] Mounted FUSE Control File System.
[[0;32m  OK  [0m] Started Load/Save Random Seed.
[[0;32m  OK  [0m] Started Monitoring of LVM2 mirrors,...ng dmeventd or progress polling.
[[0;32m  OK  [0m] Started Apply Kernel Variables.
[[0;32m  OK  [0m] Started Flush Journal to Persistent Storage.
[[0;32m  OK  [0m] Started Create Static Device Nodes in /dev.
         Starting udev Kernel Device Manager...
[[0;32m  OK  [0m] Reached target Local File Systems (Pre).
[[0;32m  OK  [0m] Reached target Local File Systems.
         Starting Initial cloud-init job (pre-networking)...
         Starting Create Volatile Files and Directories...
         Starting Tell Plymouth To Write Out Runtime Data...
         Starting Commit a transient machine-id on disk...
         Starting LSB: AppArmor initialization...
         Starting Set console font and keymap...
[[0;32m  OK  [0m] Started udev Coldplug all Devices.
[[0;32m  OK  [0m] Started Tell Plymouth To Write Out Runtime Data.
[[0;32m  OK  [0m] Started Commit a transient machine-id on disk.
[[0;32m  OK  [0m] Started Create Volatile Files and Directories.
         Starting Update UTMP about System Boot/Shutdown...
[[0;32m  OK  [0m] Started Update UTMP about System Boot/Shutdown.
[[0;32m  OK  [0m] Started udev Kernel Device Manager.
[[0;32m  OK  [0m] Started Dispatch Password Requests to Console Directory Watch.
[[0;32m  OK  [0m] Found device /dev/ttyS0.
[[0;32m  OK  [0m] Listening on Load/Save RF Kill Switch Status /dev/rfkill Watch.
[[0;32m  OK  [0m] Started LSB: AppArmor initialization.
[   33.324213] cloud-init[463]: Cloud-init v. 19.1-1-gbaa47854-0ubuntu1~16.04.1 running 'init-local' at Fri, 23 Aug 2019 16:29:10 +0000. Up 28.25 seconds.
[[0;32m  OK  [0m] Started Initial cloud-init job (pre-networking).
[[0;32m  OK  [0m] Reached target Network (Pre).
         Starting Raise network interfaces...
[[0;32m  OK  [0m] Started Set console font and keymap.
[[0;32m  OK  [0m] Created slice system-getty.slice.
[[0;32m  OK  [0m] Started Raise network interfaces.
         Starting Initial cloud-init job (metadata service crawler)...
[[0;32m  OK  [0m] Reached target Network.
[   44.993899] cloud-init[954]: Cloud-init v. 19.1-1-gbaa47854-0ubuntu1~16.04.1 running 'init' at Fri, 23 Aug 2019 16:29:23 +0000. Up 40.91 seconds.
[   45.005480] cloud-init[954]: ci-info: ++++++++++++++++++++++++++++++++++++++Net device info++++++++++++++++++++++++++++++++++++++
[   45.017471] cloud-init[954]: ci-info: +--------+------+----------------------------+---------------+--------+-------------------+
[   45.198532] cloud-init[954]: ci-info: | Device |  Up  |          Address           |      Mask     | Scope  |     Hw-Address    |
[   45.214014] cloud-init[954]: ci-info: +--------+------+----------------------------+---------------+--------+-------------------+
[   45.230843] cloud-init[954]: ci-info: | enp0s3 | True |         10.0.2.15          | 255.255.255.0 | global | 02:1e:e5:6d:71:21 |
[   45.315291] cloud-init[954]: ci-info: | enp0s3 | True | fe80::1e:e5ff:fe6d:7121/64 |       .       |  link  | 02:1e:e5:6d:71:21 |
[   45.408795] cloud-init[954]: ci-info: |   lo   | True |         127.0.0.1          |   255.0.0.0   |  host  |         .         |
[   45.422097] cloud-init[954]: ci-info: |   lo   | True |          ::1/128           |       .       |  host  |         .         |
[[0;32m  OK  [0m[   45.476203] cloud-init[954]: ci-info: +--------+------+----------------------------+---------------+--------+-------------------+
[   45.477557] cloud-init[954]: ci-info: +++++++++++++++++++++++++++Route IPv4 info++++++++++++++++++++++++++++
[   45.478098] cloud-init[954]: ci-info: +-------+-------------+----------+---------------+-----------+-------+
[   45.479751] cloud-init[954]: ci-info: | Route | Destination | Gateway  |    Genmask    | Interface | Flags |
[   45.480298] cloud-init[954]: ci-info: +-------+-------------+----------+---------------+-----------+-------+
[   45.480890] cloud-init[954]: ci-info: |   0   |   0.0.0.0   | 10.0.2.2 |    0.0.0.0    |   enp0s3  |   UG  |
[   45.481428] cloud-init[954]: ci-info: |   1   |   10.0.2.0  | 0.0.0.0  | 255.255.255.0 |   enp0s3  |   U   |
[   45.481966] cloud-init[954]: ci-info: +-------+-------------+----------+---------------+-----------+-------+
[   45.482561] cloud-init[954]: ci-info: +++++++++++++++++++Route IPv6 info+++++++++++++++++++
[   45.483102] cloud-init[954]: ci-info: +-------+-------------+---------+-----------+-------+
[   45.483640] cloud-init[954]: ci-info: | Route | Destination | Gateway | Interface | Flags |
[   45.484177] cloud-init[954]: ci-info: +-------+-------------+---------+-----------+-------+
[   45.492135] cloud-init[954]: ci-info: |   0   |  fe80::/64  |    ::   |   enp0s3  |   U   |
[   45.492713] cloud-init[954]: ci-info: |   4   |   ff00::/8  |    ::   |   enp0s3  |   U   |
[   45.493261] cloud-init[954]: ci-info: +-------+-------------+---------+-----------+-------+
[   45.493908] cloud-init[954]: Generating public/private rsa key pair.
[   45.494486] cloud-init[954]: Your identification has been saved in /etc/ssh/ssh_host_rsa_key.
[   45.499374] cloud-init[954]: Your public key has been saved in /etc/ssh/ssh_host_rsa_key.pub.
[   45.499923] cloud-init[954]: The key fingerprint is:
[   45.500469] cloud-init[954]: SHA256:vvK90nO2UXWQKAbJZofasQnFcGggcCjipW6Y8qxKysg root@ubuntu-xenial
[   45.501013] cloud-init[954]: The key's randomart image is:
[   45.501553] cloud-init[954]: +---[RSA 2048]----+
[   45.502093] cloud-init[954]: |.oo ...*++   ... |
[   45.505155] cloud-init[954]: |+. o  +.O + . .. |
[   45.505715] cloud-init[954]: |+ o  . * * .    o|
[   45.506319] cloud-init[954]: | o    . +      ..|
[   45.506870] cloud-init[954]: |o.      S     .  |
[   45.507406] cloud-init[954]: |+o     .     .   |
[   45.507941] cloud-init[954]: |o+      ..  .    |
[   45.508478] cloud-init[954]: |* o   . .oo o.   |
[   45.509013] cloud-init[954]: |*E     oo.o=..   |
[   45.509550] cloud-init[954]: +----[SHA256]-----+
[   45.510128] cloud-init[954]: Generating public/private dsa key pair.
[   45.510676] cloud-init[954]: Your identification has been saved in /etc/ssh/ssh_host_dsa_key.
[   45.511213] cloud-init[954]: Your public key has been saved in /etc/ssh/ssh_host_dsa_key.pub.
[   45.511750] cloud-init[954]: The key fingerprint is:
] Started Initial cloud-init job (metadata service crawler).
[   45.578873] cloud-init[954]: SHA256:x5t1kd1ns0tl62SKx+pYhV5Rg1lQfzyliV/vH7bZsWk root@ubuntu-xenial
[   45.710888] cloud-init[954]: The key's randomart image is:
[[0;32m  OK  [0m] Reached target Network is Online.
[   45.715090] cloud-init[954]: +---[DSA 1024]----+
[   45.720509] cloud-init[954]: |             .*=.|
         Starting iSCSI initiator daemon (iscsid)...
[   45.732890] cloud-init[954]: |             +.*=|
[   45.744360] cloud-init[954]: |            ..=o%|
[   45.745566] cloud-init[954]: |         .  ...=X|
[   45.745992] cloud-init[954]: |        S o..oo*.|
[   45.746317] cloud-init[954]: |         ..+=.*..|
[   45.747039] cloud-init[954]: |          o+ + *.|
[   45.747498] cloud-init[954]: |          o o .EX|
[   45.748043] cloud-init[954]: |         ..o  .=o|
[[0;32m  OK  [0m] Reached target System Initialization.
[[0;32m  OK  [0m] Started Daily apt download activities.[   45.751215] cloud-init[954]: +----[SHA256]-----+
[   45.816819] cloud-init[954]: Generating public/private ecdsa key pair.
[   45.817049] cloud-init[954]: Your identification has been saved in /etc/ssh/ssh_host_ecdsa_key.
[   45.817279] cloud-init[954]: Your public key has been saved in /etc/ssh/ssh_host_ecdsa_key.pub.
[   45.817507] cloud-init[954]: The key fingerprint is:
[   45.817732] cloud-init[954]: SHA256:P9eY5TwrXDQiH2iDGXPMJ0QIh1fp9x2yWz1d+PmEMr8 root@ubuntu-xenial
[   45.817953] cloud-init[954]: The key's randomart image is:
[   45.818178] cloud-init[954]: +---[ECDSA 256]---+
[   45.818402] cloud-init[954]: |      .o.B+.     |
[   45.818730] cloud-init[954]: |      ..= * .    |
[   45.818955] cloud-init[954]: |       . B +   . |
[   45.819178] cloud-init[954]: |        o * +.+..|
[   45.819409] cloud-init[954]: |        S. = =+=*|
[   45.819637] cloud-init[954]: |         .  +O++*|
[   45.819862] cloud-init[954]: |          o.+=B.o|
[   45.820092] cloud-init[954]: |           oo..o.|
[   45.820316] cloud-init[954]: |             .E. |
[   45.820554] cloud-init[954]: +----[SHA256]-----+
[   45.820778] cloud-init[954]: Generating public/private ed25519 key pair.
[   45.821001] cloud-init[954]: Your identification has been saved in /etc/ssh/ssh_host_ed25519_key.
[   45.821279] cloud-init[954]: Your public key has been saved in /etc/ssh/ssh_host_ed25519_key.pub.
[   45.821502] cloud-init[954]: The key fingerprint is:
[   45.821731] cloud-init[954]: SHA256:mRISerb6yVAuLudr7lN56enJyl4BHRahmFZ0XuAOl5c root@ubuntu-xenial
[   45.821959] cloud-init[954]: The key's randomart image is:
[   45.822181] cloud-init[954]: +--[ED25519 256]--+
[   45.822408] cloud-init[954]: |   .+ B+.        |
[   45.822643] cloud-init[954]: |   = O + .       |
[   45.822868] cloud-init[954]: |  = B B E        |
[   45.823113] cloud-init[954]: | . o B o o       |
[   45.823333] cloud-init[954]: |    o.+.S        |
[   45.823566] cloud-init[954]: |   +o oo         |
[   45.823788] cloud-init[954]: |  +..o..         |
[   45.824048] cloud-init[954]: |..+* +o.         |

[[0;32m  OK  [0m] Started Daily apt upgrade and clean activities.
[[   45.835616] cloud-init[954]: | B*+Bo+          |
[   46.101669] cloud-init[954]: +----[SHA256]-----+
[0;32m  OK  [0m] Listening on UUID daemon activation socket.
         Starting LXD - unix socket.
[[0;32m  OK  [0m] Listening on D-Bus System Message Bus Socket.
         Starting Socket activation for snappy daemon.
[[0;32m  OK  [0m] Listening on ACPID Listen Socket.
[[0;32m  OK  [0m] Started ACPI Events Check.
[[0;32m  OK  [0m] Reached target Paths.
[[0;32m  OK  [0m] Started Daily Cleanup of Temporary Directories.
[[0;32m  OK  [0m] Reached target Timers.
[[0;32m  OK  [0m] Reached target Cloud-config availability.
[[0;32m  OK  [0m] Listening on LXD - unix socket.
[[0;32m  OK  [0m] Listening on Socket activation for snappy daemon.
[[0;32m  OK  [0m] Started iSCSI initiator daemon (iscsid).
         Starting Login to default iSCSI targets...
[[0;32m  OK  [0m] Reached target Sockets.
[[0;32m  OK  [0m] Reached target Basic System.
         Starting /etc/rc.local Compatibility...
[[0;32m  OK  [0m] Started ACPI event daemon.
[[0;32m  OK  [0m] Started Regular background program processing daemon.
[[0;32m  OK  [0m] Started D-Bus System Message Bus.
[[0;32m  OK  [0m] Started Deferred execution scheduler.
         Starting Snappy daemon...
         Starting System Logging Service...
         Starting Pollinate to seed the pseudo random number generator...
         Starting Virtualbox guest utils...
         Starting LXD - container startup/shutdown...
         Starting Login Service...
         Starting Accounts Service...
         Starting LSB: MD monitoring daemon...
[[0;32m  OK  [0m] Started FUSE filesystem for LXC.
         Starting LSB: Record successful boot for GRUB...
[[0;32m  OK  [0m] Started /etc/rc.local Compatibility.
[[0;32m  OK  [0m] Started System Logging Service.
[[0;32m  OK  [0m] Started Login Service.
[[0;32m  OK  [0m] Started Unattended Upgrades Shutdown.
[[0;32m  OK  [0m] Started Login to default iSCSI targets.
[[0;32m  OK  [0m] Reached target Remote File Systems (Pre).
[[0;32m  OK  [0m] Reached target Remote File Systems.
         Starting LSB: daemon to balance interrupts for SMP systems...
         Starting LSB: Set the CPU Frequency Scaling governor to "ondemand"...
         Starting LSB: automatic crash report generation...
         Starting Permit User Sessions...
[[0;32m  OK  [0m] Started Permit User Sessions.
         Starting Authenticate and Authorize Users to Run Privileged Tasks...
         Starting Hold until boot process finishes up...
         Starting Terminate Plymouth Boot Screen...
[[0;32m  OK  [0m] Started LSB: MD monitoring daemon.
[[0;32m  OK  [0m] Started Hold until boot process finishes up.
[[0;32m  OK  [0m] Started Terminate Plymouth Boot Screen.
         Starting Set console scheme...
[[0;32m  OK  [0m] Started Serial Getty on ttyS0.
[[0;32m  OK  [0m] Started Getty on tty1.
[[0;32m  OK  [0m] Reached target Login Prompts.
[[0;32m  OK  [0m] Started Set console scheme.
[[0;32m  OK  [0m] Started LSB: Set the CPU Frequency Scaling governor to "ondemand".
[[0;32m  OK  [0m] Started LXD - container startup/shutdown.
[[0;32m  OK  [0m] Started LSB: Record successful boot for GRUB.
[[0;32m  OK  [0m] Started LSB: automatic crash report generation.
[[0;32m  OK  [0m] Started Authenticate and Authorize Users to Run Privileged Tasks.
[[0;32m  OK  [0m] Started Accounts Service.
[[0;32m  OK  [0m] Started LSB: daemon to balance interrupts for SMP systems.
[[0;32m  OK  [0m] Started Snappy daemon.
         Starting Wait until snapd is fully seeded...
[[0;32m  OK  [0m] Started Virtualbox guest utils.
[[0;32m  OK  [0m] Started Pollinate to seed the pseudo random number generator.
         Starting OpenBSD Secure Shell server...
[[0;32m  OK  [0m] Started OpenBSD Secure Shell server.

Ubuntu 16.04.6 LTS ubuntu-xenial ttyS0

ubuntu-xenial login: [   63.298398] cloud-init[1389]: Generating locales (this might take a while)...
[   71.354878] cloud-init[1389]:   en_US.UTF-8... done
[   71.365097] cloud-init[1389]: Generation complete.
[   74.353052] cloud-init[1389]: Cloud-init v. 19.1-1-gbaa47854-0ubuntu1~16.04.1 running 'modules:config' at Fri, 23 Aug 2019 16:29:44 +0000. Up 61.90 seconds.
ci-info: no authorized ssh keys fingerprints found for user ubuntu.
<14>Aug 23 16:30:01 ec2: 
<14>Aug 23 16:30:01 ec2: #############################################################
<14>Aug 23 16:30:01 ec2: -----BEGIN SSH HOST KEY FINGERPRINTS-----
<14>Aug 23 16:30:01 ec2: 1024 SHA256:x5t1kd1ns0tl62SKx+pYhV5Rg1lQfzyliV/vH7bZsWk root@ubuntu-xenial (DSA)
<14>Aug 23 16:30:01 ec2: 256 SHA256:P9eY5TwrXDQiH2iDGXPMJ0QIh1fp9x2yWz1d+PmEMr8 root@ubuntu-xenial (ECDSA)
<14>Aug 23 16:30:01 ec2: 256 SHA256:mRISerb6yVAuLudr7lN56enJyl4BHRahmFZ0XuAOl5c root@ubuntu-xenial (ED25519)
<14>Aug 23 16:30:01 ec2: 2048 SHA256:vvK90nO2UXWQKAbJZofasQnFcGggcCjipW6Y8qxKysg root@ubuntu-xenial (RSA)
<14>Aug 23 16:30:01 ec2: -----END SSH HOST KEY FINGERPRINTS-----
<14>Aug 23 16:30:01 ec2: #############################################################
-----BEGIN SSH HOST KEY KEYS-----
ecdsa-sha2-nistp256 AAAAE2VjZHNhLXNoYTItbmlzdHAyNTYAAAAIbmlzdHAyNTYAAABBBOur0HXfFhu6hnsXPskXDZstHFz5VIeCMgphbp40ZOcEedgNwK+Ju3w6auQXEvc4hoDbXrGtuxMAHbr0sYk4qX0= root@ubuntu-xenial
ssh-ed25519 AAAAC3NzaC1lZDI1NTE5AAAAIOoXfgx1tjgmxCiGXENeaIMYtQydQyJoXlM4VlBYkkOD root@ubuntu-xenial
ssh-rsa AAAAB3NzaC1yc2EAAAADAQABAAABAQDCaV3EyyBSm5VTbrfuvCErQA3qPdVrwCB15EJTrzvpbBznDTt8O03BEjklkiSxDv620jaOwqzTLuGZ8Na+2jIr2qPb01xubQkPBKk2Joix7Dk2cJKQcALnuLFZvYzLIhadpha23iDX9VXgeHhdUeUB1kFrCi2oBLCw86o9r848DOt1GIWC1eaHLMJ9baNlDXrltd27orMSkYWAVOG0Z3QFoPsD7/Kkn3WCmlhmBiEBDDnnUUeP0s0U9TW3FgKNJifymL12VWZAu5HCjxfWyq88J1aM2g4uXmGyXvE3dYfQHZO6OhLcgl3APgYLnhN9vYWLJ/zl84JnQYWFEMnu4j4N root@ubuntu-xenial
-----END SSH HOST KEY KEYS-----
[   79.357274] cloud-init[1549]: Cloud-init v. 19.1-1-gbaa47854-0ubuntu1~16.04.1 running 'modules:final' at Fri, 23 Aug 2019 16:30:00 +0000. Up 77.59 seconds.
[   79.358188] cloud-init[1549]: ci-info: no authorized ssh keys fingerprints found for user ubuntu.
[   79.358811] cloud-init[1549]: Cloud-init v. 19.1-1-gbaa47854-0ubuntu1~16.04.1 finished at Fri, 23 Aug 2019 16:30:01 +0000. Datasource DataSourceNoCloud [seed=/dev/sdb][dsmode=net].  Up 79.16 seconds
